// Jest Snapshot v1, https://goo.gl/fbAQLP

exports[`should correctly render AboutPage 1`] = `
<div
  className="container main about animated animatedFadeInUp fadeInUp"
>
  <section
    className="main__header"
  >
    <GradientTitle
      beginColor="#004792"
      endColor="#0097d7"
    >
      About
    </GradientTitle>
  </section>
  <section
    className="presentation"
  >
    <aside
      className="presentation__photo"
    >
      <PerspectiveCard
        intensity={7}
      >
        <[object Object]
          aria-haspopup="true"
          className="has-tip has-child-img"
          data-alignment="center"
          data-disable-hover="false"
          data-position="bottom"
          data-tooltip={true}
          tabIndex="1"
          title="Reach me!"
          to="/contact"
        >
          <img
            alt="photo"
            src="/images/photo.jpg"
          />
        </[object Object]>
      </PerspectiveCard>
    </aside>
    <section
      className="presentation__text"
    >
      <h2
        className="presentation__text__title"
      >
        Bobby Le
      </h2>
      <span
        className="presentation__text__subtitle"
      >
        Web Developer, Photographer
        <div
          className="underline-style"
        />
      </span>
      <h3
        className="section-title"
      >
        Presentation
      </h3>
      <p>
        Everything started with passion to web technologies (HTML, Flash AS3) at the age of 13 coding my first websites. In 2012, I graduated with a 
        <strong>
          Degree in Web Development and Multimedia
        </strong>
         in Paris, France. I now have 5 years experience working as a 
        <strong>
          front-end developer
        </strong>
         in several web agencies.
        <br />
        Right now, I am specialising in Javascript frameworks like 
        <strong>
          React
        </strong>
        .
      </p>
      <p>
        This website has been coded using React, Redux, Foundation, Yarn, Webpack, Babel and Express.
      </p>
      <p>
        When I'm not coding, you'll find me taking 
        <[object Object]
          to="#"
        >
          photos
        </[object Object]>
         or playing Volley-Ball & Guitar.
      </p>
    </section>
  </section>
  <section
    className="experiences animatedFadeInUp animated "
  >
    <Waypoint
      bottomOffset="0px"
      debug={false}
      fireOnRapidScroll={true}
      horizontal={false}
      onEnter={[Function]}
      onLeave={[Function]}
      onPositionChange={[Function]}
      topOffset="0px"
    />
    <h3
      className="section-title"
    >
      Experiences
    </h3>
    <dl>
      <dt>
        YouConnect
        <br />
        <span>
          Front-end Developer
        </span>
      </dt>
      <dd>
        2016-2017
      </dd>
    </dl>
    <dl>
      <dt>
        Ylly
        <br />
        <span>
          Front-end Developer
        </span>
      </dt>
      <dd>
        2015-2016
      </dd>
    </dl>
    <dl>
      <dt>
        H2C Interactive
        <br />
        <span>
          Front-end Developer
        </span>
      </dt>
      <dd>
        2013-2015
      </dd>
    </dl>
    <dl>
      <dt>
        Gris-Metal
        <br />
        <span>
          Front-end Developer
        </span>
      </dt>
      <dd>
        2011-2012
      </dd>
    </dl>
    <dl>
      <dt>
        Charenton Communication
        <br />
        <span>
          Web/Flash Developer (internship)
        </span>
      </dt>
      <dd>
        2010 & 2011
      </dd>
    </dl>
  </section>
  <section
    className="skills animatedFadeInUp animated "
  >
    <Waypoint
      bottomOffset="0px"
      debug={false}
      fireOnRapidScroll={true}
      horizontal={false}
      onEnter={[Function]}
      onLeave={[Function]}
      onPositionChange={[Function]}
      topOffset="0px"
    />
    <h3
      className="section-title"
    >
      Skills
    </h3>
    <dl>
      <dt>
        Front-end
      </dt>
      <dd>
        React
      </dd>
      <dd>
        Javascript (ES6)
      </dd>
      <dd>
        HTML5
      </dd>
      <dd>
        CSS3/SCSS
      </dd>
      <dd>
        jQuery
      </dd>
      <dd>
        Bootstrap
      </dd>
      <dd>
        Foundation
      </dd>
    </dl>
    <dl>
      <dt>
        Back-end
      </dt>
      <dd>
        PHP
      </dd>
      <dd>
        Ruby On Rails
      </dd>
    </dl>
    <dl>
      <dt>
        Tools
      </dt>
      <dd>
        Npm
      </dd>
      <dd>
        Yarn
      </dd>
      <dd>
        Webpack
      </dd>
      <dd>
        Babel
      </dd>
      <dd>
        Express
      </dd>
    </dl>
    <dl>
      <dt>
        CMS
      </dt>
      <dd>
        WordPress
      </dd>
      <dd>
        Magento
      </dd>
      <dd>
        Prestashop
      </dd>
    </dl>
    <dl>
      <dt>
        Testing
      </dt>
      <dd>
        Jest
      </dd>
      <dd>
        Enzyme
      </dd>
    </dl>
    <dl>
      <dt>
        DBMS
      </dt>
      <dd>
        MySQL
      </dd>
      <dd>
        Firebase
      </dd>
    </dl>
    <dl>
      <dt>
        Versioning/Deployment
      </dt>
      <dd>
        Git
      </dd>
      <dd>
        Heroku
      </dd>
      <dd>
        AWS
      </dd>
    </dl>
    <dl>
      <dt>
        Software
      </dt>
      <dd>
        Photoshop
      </dd>
      <dd>
        Sublime Text
      </dd>
      <dd>
        Visual Studio Code
      </dd>
      <dd>
        Lightroom
      </dd>
    </dl>
  </section>
  <section
    className="resume animatedFadeInUp animated  "
  >
    <Waypoint
      bottomOffset="0px"
      debug={false}
      fireOnRapidScroll={true}
      horizontal={false}
      onEnter={[Function]}
      onLeave={[Function]}
      onPositionChange={[Function]}
      topOffset="0px"
    />
    <div
      className="resume__link"
    >
      <a
        href="/Bobby_Le_Resume.pdf"
        target="_blank"
      >
        DOWNLOAD MY RESUME
        <div
          className="underline-style"
        />
      </a>
    </div>
  </section>
</div>
`;
